
 ------------------------------------------------------------------------------                                                                                                         Update available 3.10.0 ÔåÆ 3.10.1                                                                                                                To upgrade Docusaurus packages with the latest version, run the                                       following command:                                            `npm i @docusaurus/core@latest @docusaurus/faster@latest                @docusaurus/preset-classic@latest @docusaurus/module-type-aliases@latest                 @docusaurus/tsconfig@latest @docusaurus/types@latest`                                                                                               ------------------------------------------------------------------------------ 

[INFO] [en] Creating an optimized production build...
[SUCCESS] Generated static files in "build".
[INFO] Use `npm run serve` command to test your build locally.
